// Jest Snapshot v1, https://goo.gl/fbAQLP

exports[`figureOutOpacity 1`] = `
Object {
  "opacity": 1,
}
`;
