// Jest Snapshot v1, https://goo.gl/fbAQLP

exports[`sums allright 1`] = `
<div>
  <h3>
     la suma es 
    9
     
  </h3>
</div>
`;
